Game Ready
Red's Turn

Cannot Undo

Cannot Undo

Green's Turn

Red's Turn

Green's Turn

Purple's Turn

Blue's Turn

Purple's Turn

Blue's Turn

Yellow's Turn

Red's Turn

Green's Turn

Purple's Turn

Cannot Place Atom Here

Blue's Turn

Purple's Turn

Green's Turn

