Game Ready
Red's Turn

Green's Turn


+--------+
|  |R1|  |
|  |  |  |
|  |  |  |
+--------+

Red's Turn


+--------+
|  |R1|  |
|  |  |  |
|  |  |G1|
+--------+

Green's Turn


+--------+
|  |R1|R1|
|  |  |  |
|  |  |G1|
+--------+

Red's Turn


+--------+
|  |R1|R1|
|  |  |G1|
|  |  |G1|
+--------+

Green's Turn


+--------+
|  |R1|R1|
|R1|  |G1|
|  |  |G1|
+--------+

Red's Turn


+--------+
|  |R1|R1|
|R1|  |G2|
|  |  |G1|
+--------+

Green's Turn


+--------+
|  |R1|R1|
|R1|  |G2|
|R1|  |G1|
+--------+

Red's Turn


+--------+
|  |R1|R1|
|R1|  |G2|
|R1|G1|G1|
+--------+

Green's Turn


+--------+
|  |R1|R1|
|R1|R1|G2|
|R1|G1|G1|
+--------+

Red's Turn


+--------+
|  |R1|R1|
|R1|R1|G2|
|R1|G2|G1|
+--------+

Green's Turn


+--------+
|  |R1|R1|
|R1|R2|G2|
|R1|G2|G1|
+--------+

Green Wins!
