Game Loaded

Game Ready
Red's Turn

File Already Exists

