Game Ready
Red's Turn

Green's Turn

Red's Turn

Green's Turn

Red's Turn

Green's Turn

Red's Turn


+--------------------+
|R1|  |G1|  |  |  |  |
|  |  |  |  |  |  |  |
|  |  |  |  |  |  |  |
|  |  |  |  |  |  |  |
|  |  |  |  |  |  |  |
+--------------------+

Green's Turn

Red's Turn

Green's Turn


+--------------------+
|  |R2|G2|  |  |  |  |
|R1|  |  |  |  |  |  |
|  |  |  |  |  |  |  |
|  |  |  |  |  |  |  |
|  |  |  |  |  |  |  |
+--------------------+

Red's Turn


+--------------------+
|G1|  |G1|G1|  |  |  |
|R1|G1|G1|  |  |  |  |
|  |  |  |  |  |  |  |
|  |  |  |  |  |  |  |
|  |  |  |  |  |  |  |
+--------------------+

Green's Turn

Red's Turn


+--------------------+
|G1|  |G1|G1|  |  |  |
|R1|G1|G1|  |  |  |  |
|  |  |  |  |  |  |  |
|  |  |  |  |  |  |  |
|  |  |  |  |  |  |  |
+--------------------+

Green's Turn


+--------------------+
|G1|  |G1|G1|  |  |  |
|R2|G1|G1|  |  |  |  |
|  |  |  |  |  |  |  |
|  |  |  |  |  |  |  |
|  |  |  |  |  |  |  |
+--------------------+

Green Wins!
