Game Loaded

Game Ready
Red's Turn

Player Red:
Grid Count: 1

Player Green:
Grid Count: 1

Player Purple:
Grid Count: 1

Player Blue:
Grid Count: 1

Player Yellow:
Grid Count: 1


+-----------------------+
|  |  |G1|  |  |  |  |  |
|R1|  |  |P1|  |  |  |  |
|  |  |B1|  |  |  |  |  |
|  |  |  |  |  |  |  |  |
|  |  |  |  |  |  |  |  |
|  |  |  |  |  |  |  |  |
|  |  |  |  |  |  |  |  |
|  |  |  |  |  |  |  |Y1|
+-----------------------+

Yellow's Turn


+-----------------------+
|  |  |G1|  |  |  |  |  |
|R1|  |  |P1|  |  |  |  |
|  |  |B1|  |  |  |  |  |
|  |  |  |  |  |  |  |  |
|  |  |  |  |  |  |  |  |
|  |  |  |  |  |  |  |  |
|  |  |  |  |  |  |  |  |
|  |  |  |  |  |  |  |  |
+-----------------------+

Blue's Turn


+-----------------------+
|  |  |G1|  |  |  |  |  |
|R1|  |  |P1|  |  |  |  |
|  |  |  |  |  |  |  |  |
|  |  |  |  |  |  |  |  |
|  |  |  |  |  |  |  |  |
|  |  |  |  |  |  |  |  |
|  |  |  |  |  |  |  |  |
|  |  |  |  |  |  |  |  |
+-----------------------+

