Game Loaded

Game Ready
Blue's Turn


+-----------------------+
|  |  |G1|  |  |  |  |  |
|R1|  |  |P1|  |  |  |  |
|  |  |  |  |  |  |  |  |
|  |  |  |  |  |  |  |  |
|  |  |  |  |  |  |  |  |
|  |  |  |  |  |  |  |  |
|  |  |  |  |  |  |  |  |
|  |  |  |  |  |  |  |  |
+-----------------------+

Player Red:
Grid Count: 1

Player Green:
Grid Count: 1

Player Purple:
Grid Count: 1

Player Blue:
Grid Count: 0

Player Yellow:
Grid Count: 0

Purple's Turn


+-----------------------+
|  |  |G1|  |  |  |  |  |
|R1|  |  |  |  |  |  |  |
|  |  |  |  |  |  |  |  |
|  |  |  |  |  |  |  |  |
|  |  |  |  |  |  |  |  |
|  |  |  |  |  |  |  |  |
|  |  |  |  |  |  |  |  |
|  |  |  |  |  |  |  |  |
+-----------------------+

Player Red:
Grid Count: 1

Player Green:
Grid Count: 1

Player Purple:
Grid Count: 0

Player Blue:
Grid Count: 0

Player Yellow:
Grid Count: 0

