Game Loaded

Game Ready
Red's Turn


+-----------------------+
|  |  |  |  |  |  |  |  |
|  |  |  |  |  |  |  |  |
|  |  |  |  |  |  |  |  |
|  |  |  |  |  |  |  |  |
|  |  |  |  |  |  |  |  |
|  |  |  |  |  |  |  |  |
|  |  |  |  |  |  |  |  |
|  |  |  |  |  |  |  |  |
+-----------------------+

Player Red:
Grid Count: 0

Player Green:
Grid Count: 0

Player Purple:
Grid Count: 0

Player Blue:
Grid Count: 0

Player Yellow:
Grid Count: 0

