Game Ready
Red's Turn

Green's Turn

Purple's Turn

Blue's Turn

Yellow's Turn

Red's Turn


+-----------------------+
|  |  |G1|  |  |  |  |  |
|R1|  |  |P1|  |  |  |  |
|  |  |B1|  |  |  |  |  |
|  |  |  |  |  |  |  |  |
|  |  |  |  |  |  |  |  |
|  |  |  |  |  |  |  |  |
|  |  |  |  |  |  |  |  |
|  |  |  |  |  |  |  |Y1|
+-----------------------+

Game Saved

Cannot Place Atom Here


+-----------------------+
|  |  |G1|  |  |  |  |  |
|R1|  |  |P1|  |  |  |  |
|  |  |B1|  |  |  |  |  |
|  |  |  |  |  |  |  |  |
|  |  |  |  |  |  |  |  |
|  |  |  |  |  |  |  |  |
|  |  |  |  |  |  |  |  |
|  |  |  |  |  |  |  |Y1|
+-----------------------+

Game Saved

