Game Ready
Red's Turn

Green's Turn

Red's Turn

Green's Turn

Red's Turn

Green's Turn

Red's Turn

Cannot Undo

Cannot Undo

