Game Ready
Red's Turn

Green's Turn

Red's Turn

Green's Turn

Red's Turn

Green's Turn

Red's Turn


+-----------------+
|R1|  |  |  |  |  |
|G2|R2|  |  |  |  |
|  |  |  |  |  |  |
|  |  |  |  |  |  |
|  |  |  |  |  |  |
|  |  |  |  |  |G1|
+-----------------+

Green's Turn

Cannot Place Atom Here


+-----------------+
|R1|R1|  |  |  |  |
|  |R3|  |  |  |  |
|R1|  |  |  |  |  |
|  |  |  |  |  |  |
|  |  |  |  |  |  |
|  |  |  |  |  |G1|
+-----------------+

Red's Turn

Green's Turn

Red's Turn


+-----------------+
|R1|G1|  |  |  |R1|
|G2|R2|  |  |  |  |
|  |  |  |  |  |  |
|  |  |  |  |  |  |
|  |  |  |  |  |  |
|  |  |  |  |  |G1|
+-----------------+

