Invalid Command

Invalid Command

Invalid Command

Invalid Command

Invalid Command

Game Ready
Red's Turn

Too Many Arguments

Missing Argument

Game Saved

Too Many Arguments

File Already Exists

File Already Exists

File Already Exists

