Cannot Load Save

Missing Argument

Too Many Arguments

Game Loaded

Invalid Command

Invalid Command

Invalid Command

Invalid Command

Invalid Command

Invalid Command

Invalid Command

Invalid Command

Bye!
