Cannot Load Save

Too Many Arguments

Missing Argument

Game Ready
Red's Turn

Restart Application To Load Save

Restart Application To Load Save

Restart Application To Load Save

Restart Application To Load Save

Restart Application To Load Save

