Game Not In Progress

Game Not In Progress

Game Not In Progress

Game Ready
Red's Turn

Invalid Command

Invalid Command


+--+
|  |
|  |
|  |
|  |
+--+


+--+
|  |
|  |
|  |
|  |
+--+

