Game Ready
Red's Turn

Invalid Coordinates

Invalid Coordinates

Invalid Coordinates

Invalid Coordinates

Invalid Coordinates

Invalid Coordinates

Invalid Coordinates

Invalid Coordinates

Too Many Arguments

Too Many Arguments

Missing Argument

Missing Argument

