Cannot Start Game

Cannot Start Game

Cannot Start Game

Cannot Start Game

Cannot Start Game

Cannot Start Game

Invalid command arguments

Invalid command arguments

Cannot Start Game

Missing Argument

Missing Argument

Missing Argument

Missing Argument

Missing Argument

Missing Argument

Too Many Arguments

Too Many Arguments

Invalid command arguments

Invalid command arguments

Game Ready
Red's Turn

Invalid Command

