Too Many Arguments

Missing Argument

Cannot Load Save

Invalid Command

Invalid Command

Invalid Command

Invalid Command

Game Ready
Red's Turn

Invalid Command

Invalid Command

Invalid Command

Invalid Command

Cannot Undo

Invalid Command

