Game Not In Progress

Game Not In Progress

Game Not In Progress

Game Ready
Red's Turn

Cannot Undo

Invalid Command

Invalid Command

Green's Turn

Red's Turn

Invalid Command

Cannot Undo

