Game Loaded

Invalid Turn Number

Invalid Turn Number

Invalid Turn Number

Invalid Turn Number

Missing Argument

Too Many Arguments

Game Ready
Red's Turn

Player Red:
Grid Count: 0

Player Green:
Grid Count: 0

