Game Not In Progress

Game Not In Progress

Game Not In Progress

Game Not In Progress

Game Ready
Red's Turn

Player Red:
Grid Count: 0

Player Green:
Grid Count: 0

Invalid Command

Invalid Command

Player Red:
Grid Count: 0

Player Green:
Grid Count: 0

