Invalid Command

Invalid Command

Game Ready
Red's Turn

Invalid Command

Invalid Command

Bye!
