Game Loaded

Game Ready
Red's Turn


+--------+
|R1|  |  |
|  |G1|  |
|  |  |  |
+--------+

Green's Turn


+--------+
|R1|  |  |
|  |  |  |
|  |  |  |
+--------+

