Game Ready
Red's Turn

Green's Turn

Red's Turn

Game Saved


+--------+
|R1|  |  |
|  |G1|  |
|  |  |  |
+--------+

